<html>
<body>
<pre>
<h1>µVision Build Log</h1>
<h2>Project:</h2>
C:\Users\NAO\Desktop\CECS347 Labs\CECS347Lab2\CECS347Lab2.uvproj
Project File Date:  02/08/2018

<h2>Output:</h2>
Rebuild target 'CECS347Lab2'
assembling startup.s...
compiling CECS347Lab2.c...
linking...
Program Size: Code=1708 RO-data=16 RW-data=0 ZI-data=1120  
".\CECS347Lab2.axf" - 0 Error(s), 0 Warning(s).
Load "C:\\Users\\NAO\\Desktop\\CECS347 Labs\\CECS347Lab2\\CECS347Lab2.axf" 
Connecting: Mode=JTAG, Speed=1000000Hz
Erase Done.
Programming Done.
Verify OK.
